// Jest Snapshot v1, https://goo.gl/fbAQLP

exports[`SingleCard page renders the card with weather details 1`] = `
[MockFunction] {
  "calls": Array [
    Array [
      "localStorageCardKey",
      "{\\"id\\":703448,\\"main\\":{\\"pressure\\":1000,\\"temp\\":35},\\"name\\":\\"Kyiv\\",\\"weather\\":[{\\"description\\":\\"good\\",\\"icon\\":\\"o2d\\",\\"id\\":2,\\"main\\":\\"good\\"}],\\"wind\\":{\\"speed\\":20}}",
    ],
    Array [
      "card",
      "null",
    ],
  ],
  "results": Array [
    Object {
      "type": "return",
      "value": undefined,
    },
    Object {
      "type": "return",
      "value": undefined,
    },
  ],
}
`;
